0 verbose cli /opt/homebrew/Cellar/node/26.3.1/bin/node /opt/homebrew/bin/npm
1 info using npm@11.16.0
2 info using node@v26.3.1
3 silly config load:file:/opt/homebrew/lib/node_modules/npm/npmrc
4 silly config load:file:/Users/bard/Documents/Eurocentric/chapter-07-visual-prototype/.npmrc
5 silly config load:file:/Users/bard/.npmrc
6 silly config load:file:/opt/homebrew/etc/npmrc
7 verbose title npm install @fontsource/bodoni-moda @fontsource/manrope @phosphor-icons/react
8 verbose argv "install" "@fontsource/bodoni-moda" "@fontsource/manrope" "@phosphor-icons/react"
9 verbose logfile logs-max:10 dir:/Users/bard/Documents/Eurocentric/chapter-07-visual-prototype/.npm-cache/_logs/2026-07-19T18_05_17_720Z-
10 verbose logfile /Users/bard/Documents/Eurocentric/chapter-07-visual-prototype/.npm-cache/_logs/2026-07-19T18_05_17_720Z-debug-0.log
11 silly logfile done cleaning log files
12 silly packumentCache heap:4395630592 maxSize:1098907648 maxEntrySize:549453824
13 silly idealTree buildDeps
14 silly fetch manifest @fontsource/bodoni-moda@*
15 silly packumentCache full:https://registry.npmjs.org/@fontsource%2fbodoni-moda cache-miss
16 http fetch GET 200 https://registry.npmjs.org/@fontsource%2fbodoni-moda 809ms (cache miss)
17 silly packumentCache full:https://registry.npmjs.org/@fontsource%2fbodoni-moda set size:undefined disposed:false
18 silly fetch manifest @fontsource/manrope@*
19 silly packumentCache full:https://registry.npmjs.org/@fontsource%2fmanrope cache-miss
20 http fetch GET 200 https://registry.npmjs.org/@fontsource%2fmanrope 424ms (cache miss)
21 silly packumentCache full:https://registry.npmjs.org/@fontsource%2fmanrope set size:undefined disposed:false
22 silly fetch manifest @phosphor-icons/react@*
23 silly packumentCache full:https://registry.npmjs.org/@phosphor-icons%2freact cache-miss
24 http fetch GET 200 https://registry.npmjs.org/@phosphor-icons%2freact 489ms (cache miss)
25 silly packumentCache full:https://registry.npmjs.org/@phosphor-icons%2freact set size:undefined disposed:false
26 silly fetch manifest react@19.2.0
27 silly packumentCache full:https://registry.npmjs.org/react cache-miss
28 http cache https://registry.npmjs.org/react 8ms (cache hit)
29 silly packumentCache full:https://registry.npmjs.org/react set size:6805811 disposed:false
30 silly fetch manifest react-dom@19.2.0
31 silly packumentCache full:https://registry.npmjs.org/react-dom cache-miss
32 http cache https://registry.npmjs.org/react-dom 8ms (cache hit)
33 silly packumentCache full:https://registry.npmjs.org/react-dom set size:9121038 disposed:false
34 silly placeDep ROOT @fontsource/bodoni-moda@5.3.0 OK for: chapter-07-visual-prototype@0.0.0 want: *
35 silly placeDep ROOT @fontsource/manrope@5.3.0 OK for: chapter-07-visual-prototype@0.0.0 want: *
36 silly placeDep ROOT @phosphor-icons/react@2.1.10 OK for: chapter-07-visual-prototype@0.0.0 want: *
37 silly reify moves {}
38 http cache @fontsource/bodoni-moda@https://registry.npmjs.org/@fontsource/bodoni-moda/-/bodoni-moda-5.3.0.tgz 0ms (cache hit)
39 http cache @phosphor-icons/react@https://registry.npmjs.org/@phosphor-icons/react/-/react-2.1.10.tgz 0ms (cache hit)
40 http cache fsevents@https://registry.npmjs.org/fsevents/-/fsevents-2.3.3.tgz 0ms (cache hit)
41 http cache @fontsource/manrope@https://registry.npmjs.org/@fontsource/manrope/-/manrope-5.3.0.tgz 0ms (cache hit)
42 silly tarball no local data for @fontsource/bodoni-moda@https://registry.npmjs.org/@fontsource/bodoni-moda/-/bodoni-moda-5.3.0.tgz. Extracting by manifest.
43 silly tarball no local data for @phosphor-icons/react@https://registry.npmjs.org/@phosphor-icons/react/-/react-2.1.10.tgz. Extracting by manifest.
44 silly tarball no local data for @fontsource/manrope@https://registry.npmjs.org/@fontsource/manrope/-/manrope-5.3.0.tgz. Extracting by manifest.
45 http fetch GET 200 https://registry.npmjs.org/@fontsource/manrope/-/manrope-5.3.0.tgz 368ms (cache miss)
46 http fetch GET 200 https://registry.npmjs.org/@fontsource/bodoni-moda/-/bodoni-moda-5.3.0.tgz 377ms (cache miss)
47 http fetch GET 200 https://registry.npmjs.org/@phosphor-icons/react/-/react-2.1.10.tgz 1427ms (cache miss)
48 silly ADD node_modules/@phosphor-icons/react
49 silly ADD node_modules/@fontsource/manrope
50 silly ADD node_modules/@fontsource/bodoni-moda
51 silly ADD node_modules/fsevents
52 warn allow-scripts 2 packages have install scripts not yet covered by allowScripts:
52 warn allow-scripts   esbuild@0.25.12 (install: (install scripts present))
52 warn allow-scripts   fsevents@2.3.3 (install: (install scripts present))
52 warn allow-scripts
52 warn allow-scripts Run `npm approve-scripts --allow-scripts-pending` to review, or `npm approve-scripts <pkg>` to allow.
53 verbose cwd /Users/bard/Documents/Eurocentric/chapter-07-visual-prototype
54 verbose os Darwin 25.5.0
55 verbose node v26.3.1
56 verbose npm  v11.16.0
57 verbose exit 0
58 info ok
